
 RUN  v4.1.5 C:/Users/12856/Desktop/璁烘枃瀹炵幇/library-system-v2/frontend


 Test Files  13 passed (13)
      Tests  245 passed (245)
   Start at  23:32:04
   Duration  18.12s (transform 3.46s, setup 2.01s, import 6.50s, tests 11.23s, environment 108.63s)

