[INFO] Scanning for projects...
[INFO] 
[INFO] ---------------------< com.library:library-system >---------------------
[INFO] Building Library Management System 2.0.0
[INFO]   from pom.xml
[INFO] --------------------------------[ jar ]---------------------------------
[INFO] Artifact org.apache.maven.plugins:maven-surefire-plugin:pom:3.5.5 is present in the local repository, but cached from a remote repository ID that is unavailable in current build context, verifying that is downloadable from [central (https://repo.maven.apache.org/maven2, default, releases)]
[INFO] Artifact org.apache.maven.plugins:maven-surefire-plugin:pom:3.5.5 is present in the local repository, but cached from a remote repository ID that is unavailable in current build context, verifying that is downloadable from [central (https://repo.maven.apache.org/maven2, default, releases)]
Downloading from central: https://repo.maven.apache.org/maven2/org/apache/maven/plugins/maven-surefire-plugin/3.5.5/maven-surefire-plugin-3.5.5.pom
Downloaded from central: https://repo.maven.apache.org/maven2/org/apache/maven/plugins/maven-surefire-plugin/3.5.5/maven-surefire-plugin-3.5.5.pom (0 B at 0 B/s)
[INFO] Artifact org.apache.maven.surefire:surefire:pom:3.5.5 is present in the local repository, but cached from a remote repository ID that is unavailable in current build context, verifying that is downloadable from [central (https://repo.maven.apache.org/maven2, default, releases)]
[INFO] Artifact org.apache.maven.surefire:surefire:pom:3.5.5 is present in the local repository, but cached from a remote repository ID that is unavailable in current build context, verifying that is downloadable from [central (https://repo.maven.apache.org/maven2, default, releases)]
Downloading from central: https://repo.maven.apache.org/maven2/org/apache/maven/surefire/surefire/3.5.5/surefire-3.5.5.pom
Downloaded from central: https://repo.maven.apache.org/maven2/org/apache/maven/surefire/surefire/3.5.5/surefire-3.5.5.pom (0 B at 0 B/s)
[INFO] Artifact org.apache.maven:maven-parent:pom:47 is present in the local repository, but cached from a remote repository ID that is unavailable in current build context, verifying that is downloadable from [central (https://repo.maven.apache.org/maven2, default, releases)]
[INFO] Artifact org.apache.maven:maven-parent:pom:47 is present in the local repository, but cached from a remote repository ID that is unavailable in current build context, verifying that is downloadable from [central (https://repo.maven.apache.org/maven2, default, releases)]
Downloading from central: https://repo.maven.apache.org/maven2/org/apache/maven/maven-parent/47/maven-parent-47.pom
Downloaded from central: https://repo.maven.apache.org/maven2/org/apache/maven/maven-parent/47/maven-parent-47.pom (0 B at 0 B/s)
[INFO] Artifact org.apache:apache:pom:37 is present in the local repository, but cached from a remote repository ID that is unavailable in current build context, verifying that is downloadable from [central (https://repo.maven.apache.org/maven2, default, releases)]
[INFO] Artifact org.apache:apache:pom:37 is present in the local repository, but cached from a remote repository ID that is unavailable in current build context, verifying that is downloadable from [central (https://repo.maven.apache.org/maven2, default, releases)]
Downloading from central: https://repo.maven.apache.org/maven2/org/apache/apache/37/apache-37.pom
Downloaded from central: https://repo.maven.apache.org/maven2/org/apache/apache/37/apache-37.pom (0 B at 0 B/s)
[INFO] 
[INFO] --- resources:3.3.1:resources (default-resources) @ library-system ---
[INFO] Copying 1 resource from src\main\resources to target\classes
[INFO] Copying 7 resources from src\main\resources to target\classes
[INFO] 
[INFO] --- compiler:3.14.1:compile (default-compile) @ library-system ---
[INFO] Nothing to compile - all classes are up to date.
[INFO] 
[INFO] --- resources:3.3.1:testResources (default-testResources) @ library-system ---
[INFO] Copying 1 resource from src\test\resources to target\test-classes
[INFO] 
[INFO] --- compiler:3.14.1:testCompile (default-testCompile) @ library-system ---
[INFO] Recompiling the module because of changed source code.
[INFO] Compiling 12 source files with javac [debug parameters release 17] to target\test-classes
[INFO] /C:/Users/12856/Desktop/����ʵ��/library-system-v2/backend/src/test/java/com/library/system/controller/StatisticsControllerTest.java: C:\Users\12856\Desktop\����ʵ��\library-system-v2\backend\src\test\java\com\library\system\controller\StatisticsControllerTest.javaʹ����δ�����򲻰�ȫ�Ĳ�����
[INFO] /C:/Users/12856/Desktop/����ʵ��/library-system-v2/backend/src/test/java/com/library/system/controller/StatisticsControllerTest.java: �й���ϸ��Ϣ, ��ʹ�� -Xlint:unchecked ���±��롣
[INFO] ĳЩ��Ϣ�Ѿ�����; ��ʹ�� -Xdiags:verbose ���±����Ի���������
[INFO] -------------------------------------------------------------
[WARNING] COMPILATION WARNING : 
[INFO] -------------------------------------------------------------
[WARNING] /C:/Users/12856/Desktop/����ʵ��/library-system-v2/backend/src/test/java/com/library/system/controller/AnnouncementControllerTest.java:[41,6] org.springframework.boot.test.mock.mockito �е� org.springframework.boot.test.mock.mockito.MockBean �ѹ�ʱ, �ұ��Ϊ��ɾ��
[WARNING] /C:/Users/12856/Desktop/����ʵ��/library-system-v2/backend/src/test/java/com/library/system/controller/AnnouncementControllerTest.java:[41,6] org.springframework.boot.test.mock.mockito �е� org.springframework.boot.test.mock.mockito.MockBean �ѹ�ʱ, �ұ��Ϊ��ɾ��
[WARNING] /C:/Users/12856/Desktop/����ʵ��/library-system-v2/backend/src/test/java/com/library/system/controller/AnnouncementControllerTest.java:[41,6] org.springframework.boot.test.mock.mockito �е� org.springframework.boot.test.mock.mockito.MockBean �ѹ�ʱ, �ұ��Ϊ��ɾ��
[WARNING] /C:/Users/12856/Desktop/����ʵ��/library-system-v2/backend/src/test/java/com/library/system/controller/AnnouncementControllerTest.java:[41,6] org.springframework.boot.test.mock.mockito �е� org.springframework.boot.test.mock.mockito.MockBean �ѹ�ʱ, �ұ��Ϊ��ɾ��
[WARNING] /C:/Users/12856/Desktop/����ʵ��/library-system-v2/backend/src/test/java/com/library/system/controller/AnnouncementControllerTest.java:[41,6] org.springframework.boot.test.mock.mockito �е� org.springframework.boot.test.mock.mockito.MockBean �ѹ�ʱ, �ұ��Ϊ��ɾ��
[WARNING] /C:/Users/12856/Desktop/����ʵ��/library-system-v2/backend/src/test/java/com/library/system/controller/AnnouncementControllerTest.java:[44,6] org.springframework.boot.test.mock.mockito �е� org.springframework.boot.test.mock.mockito.MockBean �ѹ�ʱ, �ұ��Ϊ��ɾ��
[WARNING] /C:/Users/12856/Desktop/����ʵ��/library-system-v2/backend/src/test/java/com/library/system/controller/AnnouncementControllerTest.java:[44,6] org.springframework.boot.test.mock.mockito �е� org.springframework.boot.test.mock.mockito.MockBean �ѹ�ʱ, �ұ��Ϊ��ɾ��
[WARNING] /C:/Users/12856/Desktop/����ʵ��/library-system-v2/backend/src/test/java/com/library/system/controller/AnnouncementControllerTest.java:[44,6] org.springframework.boot.test.mock.mockito �е� org.springframework.boot.test.mock.mockito.MockBean �ѹ�ʱ, �ұ��Ϊ��ɾ��
[WARNING] /C:/Users/12856/Desktop/����ʵ��/library-system-v2/backend/src/test/java/com/library/system/controller/AnnouncementControllerTest.java:[44,6] org.springframework.boot.test.mock.mockito �е� org.springframework.boot.test.mock.mockito.MockBean �ѹ�ʱ, �ұ��Ϊ��ɾ��
[WARNING] /C:/Users/12856/Desktop/����ʵ��/library-system-v2/backend/src/test/java/com/library/system/controller/AnnouncementControllerTest.java:[44,6] org.springframework.boot.test.mock.mockito �е� org.springframework.boot.test.mock.mockito.MockBean �ѹ�ʱ, �ұ��Ϊ��ɾ��
[WARNING] /C:/Users/12856/Desktop/����ʵ��/library-system-v2/backend/src/test/java/com/library/system/controller/AuthControllerTest.java:[37,6] org.springframework.boot.test.mock.mockito �е� org.springframework.boot.test.mock.mockito.MockBean �ѹ�ʱ, �ұ��Ϊ��ɾ��
[WARNING] /C:/Users/12856/Desktop/����ʵ��/library-system-v2/backend/src/test/java/com/library/system/controller/AuthControllerTest.java:[37,6] org.springframework.boot.test.mock.mockito �е� org.springframework.boot.test.mock.mockito.MockBean �ѹ�ʱ, �ұ��Ϊ��ɾ��
[WARNING] /C:/Users/12856/Desktop/����ʵ��/library-system-v2/backend/src/test/java/com/library/system/controller/AuthControllerTest.java:[37,6] org.springframework.boot.test.mock.mockito �е� org.springframework.boot.test.mock.mockito.MockBean �ѹ�ʱ, �ұ��Ϊ��ɾ��
[WARNING] /C:/Users/12856/Desktop/����ʵ��/library-system-v2/backend/src/test/java/com/library/system/controller/AuthControllerTest.java:[37,6] org.springframework.boot.test.mock.mockito �е� org.springframework.boot.test.mock.mockito.MockBean �ѹ�ʱ, �ұ��Ϊ��ɾ��
[WARNING] /C:/Users/12856/Desktop/����ʵ��/library-system-v2/backend/src/test/java/com/library/system/controller/AuthControllerTest.java:[37,6] org.springframework.boot.test.mock.mockito �е� org.springframework.boot.test.mock.mockito.MockBean �ѹ�ʱ, �ұ��Ϊ��ɾ��
[WARNING] /C:/Users/12856/Desktop/����ʵ��/library-system-v2/backend/src/test/java/com/library/system/controller/BookControllerTest.java:[43,6] org.springframework.boot.test.mock.mockito �е� org.springframework.boot.test.mock.mockito.MockBean �ѹ�ʱ, �ұ��Ϊ��ɾ��
[WARNING] /C:/Users/12856/Desktop/����ʵ��/library-system-v2/backend/src/test/java/com/library/system/controller/BookControllerTest.java:[43,6] org.springframework.boot.test.mock.mockito �е� org.springframework.boot.test.mock.mockito.MockBean �ѹ�ʱ, �ұ��Ϊ��ɾ��
[WARNING] /C:/Users/12856/Desktop/����ʵ��/library-system-v2/backend/src/test/java/com/library/system/controller/BookControllerTest.java:[43,6] org.springframework.boot.test.mock.mockito �е� org.springframework.boot.test.mock.mockito.MockBean �ѹ�ʱ, �ұ��Ϊ��ɾ��
[WARNING] /C:/Users/12856/Desktop/����ʵ��/library-system-v2/backend/src/test/java/com/library/system/controller/BookControllerTest.java:[43,6] org.springframework.boot.test.mock.mockito �е� org.springframework.boot.test.mock.mockito.MockBean �ѹ�ʱ, �ұ��Ϊ��ɾ��
[WARNING] /C:/Users/12856/Desktop/����ʵ��/library-system-v2/backend/src/test/java/com/library/system/controller/BookControllerTest.java:[43,6] org.springframework.boot.test.mock.mockito �е� org.springframework.boot.test.mock.mockito.MockBean �ѹ�ʱ, �ұ��Ϊ��ɾ��
[WARNING] /C:/Users/12856/Desktop/����ʵ��/library-system-v2/backend/src/test/java/com/library/system/controller/ReaderControllerTest.java:[42,6] org.springframework.boot.test.mock.mockito �е� org.springframework.boot.test.mock.mockito.MockBean �ѹ�ʱ, �ұ��Ϊ��ɾ��
[WARNING] /C:/Users/12856/Desktop/����ʵ��/library-system-v2/backend/src/test/java/com/library/system/controller/ReaderControllerTest.java:[42,6] org.springframework.boot.test.mock.mockito �е� org.springframework.boot.test.mock.mockito.MockBean �ѹ�ʱ, �ұ��Ϊ��ɾ��
[WARNING] /C:/Users/12856/Desktop/����ʵ��/library-system-v2/backend/src/test/java/com/library/system/controller/ReaderControllerTest.java:[42,6] org.springframework.boot.test.mock.mockito �е� org.springframework.boot.test.mock.mockito.MockBean �ѹ�ʱ, �ұ��Ϊ��ɾ��
[WARNING] /C:/Users/12856/Desktop/����ʵ��/library-system-v2/backend/src/test/java/com/library/system/controller/ReaderControllerTest.java:[42,6] org.springframework.boot.test.mock.mockito �е� org.springframework.boot.test.mock.mockito.MockBean �ѹ�ʱ, �ұ��Ϊ��ɾ��
[WARNING] /C:/Users/12856/Desktop/����ʵ��/library-system-v2/backend/src/test/java/com/library/system/controller/ReaderControllerTest.java:[42,6] org.springframework.boot.test.mock.mockito �е� org.springframework.boot.test.mock.mockito.MockBean �ѹ�ʱ, �ұ��Ϊ��ɾ��
[WARNING] /C:/Users/12856/Desktop/����ʵ��/library-system-v2/backend/src/test/java/com/library/system/controller/ReaderControllerTest.java:[45,6] org.springframework.boot.test.mock.mockito �е� org.springframework.boot.test.mock.mockito.MockBean �ѹ�ʱ, �ұ��Ϊ��ɾ��
[WARNING] /C:/Users/12856/Desktop/����ʵ��/library-system-v2/backend/src/test/java/com/library/system/controller/ReaderControllerTest.java:[45,6] org.springframework.boot.test.mock.mockito �е� org.springframework.boot.test.mock.mockito.MockBean �ѹ�ʱ, �ұ��Ϊ��ɾ��
[WARNING] /C:/Users/12856/Desktop/����ʵ��/library-system-v2/backend/src/test/java/com/library/system/controller/ReaderControllerTest.java:[45,6] org.springframework.boot.test.mock.mockito �е� org.springframework.boot.test.mock.mockito.MockBean �ѹ�ʱ, �ұ��Ϊ��ɾ��
[WARNING] /C:/Users/12856/Desktop/����ʵ��/library-system-v2/backend/src/test/java/com/library/system/controller/ReaderControllerTest.java:[45,6] org.springframework.boot.test.mock.mockito �е� org.springframework.boot.test.mock.mockito.MockBean �ѹ�ʱ, �ұ��Ϊ��ɾ��
[WARNING] /C:/Users/12856/Desktop/����ʵ��/library-system-v2/backend/src/test/java/com/library/system/controller/ReaderControllerTest.java:[45,6] org.springframework.boot.test.mock.mockito �е� org.springframework.boot.test.mock.mockito.MockBean �ѹ�ʱ, �ұ��Ϊ��ɾ��
[WARNING] /C:/Users/12856/Desktop/����ʵ��/library-system-v2/backend/src/test/java/com/library/system/controller/StatisticsControllerTest.java:[39,6] org.springframework.boot.test.mock.mockito �е� org.springframework.boot.test.mock.mockito.MockBean �ѹ�ʱ, �ұ��Ϊ��ɾ��
[WARNING] /C:/Users/12856/Desktop/����ʵ��/library-system-v2/backend/src/test/java/com/library/system/controller/StatisticsControllerTest.java:[39,6] org.springframework.boot.test.mock.mockito �е� org.springframework.boot.test.mock.mockito.MockBean �ѹ�ʱ, �ұ��Ϊ��ɾ��
[WARNING] /C:/Users/12856/Desktop/����ʵ��/library-system-v2/backend/src/test/java/com/library/system/controller/StatisticsControllerTest.java:[39,6] org.springframework.boot.test.mock.mockito �е� org.springframework.boot.test.mock.mockito.MockBean �ѹ�ʱ, �ұ��Ϊ��ɾ��
[WARNING] /C:/Users/12856/Desktop/����ʵ��/library-system-v2/backend/src/test/java/com/library/system/controller/StatisticsControllerTest.java:[39,6] org.springframework.boot.test.mock.mockito �е� org.springframework.boot.test.mock.mockito.MockBean �ѹ�ʱ, �ұ��Ϊ��ɾ��
[WARNING] /C:/Users/12856/Desktop/����ʵ��/library-system-v2/backend/src/test/java/com/library/system/controller/StatisticsControllerTest.java:[39,6] org.springframework.boot.test.mock.mockito �е� org.springframework.boot.test.mock.mockito.MockBean �ѹ�ʱ, �ұ��Ϊ��ɾ��
[WARNING] /C:/Users/12856/Desktop/����ʵ��/library-system-v2/backend/src/test/java/com/library/system/controller/StatisticsControllerTest.java:[42,6] org.springframework.boot.test.mock.mockito �е� org.springframework.boot.test.mock.mockito.MockBean �ѹ�ʱ, �ұ��Ϊ��ɾ��
[WARNING] /C:/Users/12856/Desktop/����ʵ��/library-system-v2/backend/src/test/java/com/library/system/controller/StatisticsControllerTest.java:[42,6] org.springframework.boot.test.mock.mockito �е� org.springframework.boot.test.mock.mockito.MockBean �ѹ�ʱ, �ұ��Ϊ��ɾ��
[WARNING] /C:/Users/12856/Desktop/����ʵ��/library-system-v2/backend/src/test/java/com/library/system/controller/StatisticsControllerTest.java:[42,6] org.springframework.boot.test.mock.mockito �е� org.springframework.boot.test.mock.mockito.MockBean �ѹ�ʱ, �ұ��Ϊ��ɾ��
[WARNING] /C:/Users/12856/Desktop/����ʵ��/library-system-v2/backend/src/test/java/com/library/system/controller/StatisticsControllerTest.java:[42,6] org.springframework.boot.test.mock.mockito �е� org.springframework.boot.test.mock.mockito.MockBean �ѹ�ʱ, �ұ��Ϊ��ɾ��
[WARNING] /C:/Users/12856/Desktop/����ʵ��/library-system-v2/backend/src/test/java/com/library/system/controller/StatisticsControllerTest.java:[42,6] org.springframework.boot.test.mock.mockito �е� org.springframework.boot.test.mock.mockito.MockBean �ѹ�ʱ, �ұ��Ϊ��ɾ��
[WARNING] /C:/Users/12856/Desktop/����ʵ��/library-system-v2/backend/src/test/java/com/library/system/controller/StatisticsControllerTest.java:[45,6] org.springframework.boot.test.mock.mockito �е� org.springframework.boot.test.mock.mockito.MockBean �ѹ�ʱ, �ұ��Ϊ��ɾ��
[WARNING] /C:/Users/12856/Desktop/����ʵ��/library-system-v2/backend/src/test/java/com/library/system/controller/StatisticsControllerTest.java:[45,6] org.springframework.boot.test.mock.mockito �е� org.springframework.boot.test.mock.mockito.MockBean �ѹ�ʱ, �ұ��Ϊ��ɾ��
[WARNING] /C:/Users/12856/Desktop/����ʵ��/library-system-v2/backend/src/test/java/com/library/system/controller/StatisticsControllerTest.java:[45,6] org.springframework.boot.test.mock.mockito �е� org.springframework.boot.test.mock.mockito.MockBean �ѹ�ʱ, �ұ��Ϊ��ɾ��
[WARNING] /C:/Users/12856/Desktop/����ʵ��/library-system-v2/backend/src/test/java/com/library/system/controller/StatisticsControllerTest.java:[45,6] org.springframework.boot.test.mock.mockito �е� org.springframework.boot.test.mock.mockito.MockBean �ѹ�ʱ, �ұ��Ϊ��ɾ��
[WARNING] /C:/Users/12856/Desktop/����ʵ��/library-system-v2/backend/src/test/java/com/library/system/controller/StatisticsControllerTest.java:[45,6] org.springframework.boot.test.mock.mockito �е� org.springframework.boot.test.mock.mockito.MockBean �ѹ�ʱ, �ұ��Ϊ��ɾ��
[WARNING] /C:/Users/12856/Desktop/����ʵ��/library-system-v2/backend/src/test/java/com/library/system/controller/StatisticsControllerTest.java:[48,6] org.springframework.boot.test.mock.mockito �е� org.springframework.boot.test.mock.mockito.MockBean �ѹ�ʱ, �ұ��Ϊ��ɾ��
[WARNING] /C:/Users/12856/Desktop/����ʵ��/library-system-v2/backend/src/test/java/com/library/system/controller/StatisticsControllerTest.java:[48,6] org.springframework.boot.test.mock.mockito �е� org.springframework.boot.test.mock.mockito.MockBean �ѹ�ʱ, �ұ��Ϊ��ɾ��
[WARNING] /C:/Users/12856/Desktop/����ʵ��/library-system-v2/backend/src/test/java/com/library/system/controller/StatisticsControllerTest.java:[48,6] org.springframework.boot.test.mock.mockito �е� org.springframework.boot.test.mock.mockito.MockBean �ѹ�ʱ, �ұ��Ϊ��ɾ��
[WARNING] /C:/Users/12856/Desktop/����ʵ��/library-system-v2/backend/src/test/java/com/library/system/controller/StatisticsControllerTest.java:[48,6] org.springframework.boot.test.mock.mockito �е� org.springframework.boot.test.mock.mockito.MockBean �ѹ�ʱ, �ұ��Ϊ��ɾ��
[WARNING] /C:/Users/12856/Desktop/����ʵ��/library-system-v2/backend/src/test/java/com/library/system/controller/StatisticsControllerTest.java:[48,6] org.springframework.boot.test.mock.mockito �е� org.springframework.boot.test.mock.mockito.MockBean �ѹ�ʱ, �ұ��Ϊ��ɾ��
[WARNING] /C:/Users/12856/Desktop/����ʵ��/library-system-v2/backend/src/test/java/com/library/system/controller/StatisticsControllerTest.java:[51,6] org.springframework.boot.test.mock.mockito �е� org.springframework.boot.test.mock.mockito.MockBean �ѹ�ʱ, �ұ��Ϊ��ɾ��
[WARNING] /C:/Users/12856/Desktop/����ʵ��/library-system-v2/backend/src/test/java/com/library/system/controller/StatisticsControllerTest.java:[51,6] org.springframework.boot.test.mock.mockito �е� org.springframework.boot.test.mock.mockito.MockBean �ѹ�ʱ, �ұ��Ϊ��ɾ��
[WARNING] /C:/Users/12856/Desktop/����ʵ��/library-system-v2/backend/src/test/java/com/library/system/controller/StatisticsControllerTest.java:[51,6] org.springframework.boot.test.mock.mockito �е� org.springframework.boot.test.mock.mockito.MockBean �ѹ�ʱ, �ұ��Ϊ��ɾ��
[WARNING] /C:/Users/12856/Desktop/����ʵ��/library-system-v2/backend/src/test/java/com/library/system/controller/StatisticsControllerTest.java:[51,6] org.springframework.boot.test.mock.mockito �е� org.springframework.boot.test.mock.mockito.MockBean �ѹ�ʱ, �ұ��Ϊ��ɾ��
[WARNING] /C:/Users/12856/Desktop/����ʵ��/library-system-v2/backend/src/test/java/com/library/system/controller/StatisticsControllerTest.java:[51,6] org.springframework.boot.test.mock.mockito �е� org.springframework.boot.test.mock.mockito.MockBean �ѹ�ʱ, �ұ��Ϊ��ɾ��
[WARNING] /C:/Users/12856/Desktop/����ʵ��/library-system-v2/backend/src/test/java/com/library/system/controller/StatisticsControllerTest.java:[54,6] org.springframework.boot.test.mock.mockito �е� org.springframework.boot.test.mock.mockito.MockBean �ѹ�ʱ, �ұ��Ϊ��ɾ��
[WARNING] /C:/Users/12856/Desktop/����ʵ��/library-system-v2/backend/src/test/java/com/library/system/controller/StatisticsControllerTest.java:[54,6] org.springframework.boot.test.mock.mockito �е� org.springframework.boot.test.mock.mockito.MockBean �ѹ�ʱ, �ұ��Ϊ��ɾ��
[WARNING] /C:/Users/12856/Desktop/����ʵ��/library-system-v2/backend/src/test/java/com/library/system/controller/StatisticsControllerTest.java:[54,6] org.springframework.boot.test.mock.mockito �е� org.springframework.boot.test.mock.mockito.MockBean �ѹ�ʱ, �ұ��Ϊ��ɾ��
[WARNING] /C:/Users/12856/Desktop/����ʵ��/library-system-v2/backend/src/test/java/com/library/system/controller/StatisticsControllerTest.java:[54,6] org.springframework.boot.test.mock.mockito �е� org.springframework.boot.test.mock.mockito.MockBean �ѹ�ʱ, �ұ��Ϊ��ɾ��
[WARNING] /C:/Users/12856/Desktop/����ʵ��/library-system-v2/backend/src/test/java/com/library/system/controller/StatisticsControllerTest.java:[54,6] org.springframework.boot.test.mock.mockito �е� org.springframework.boot.test.mock.mockito.MockBean �ѹ�ʱ, �ұ��Ϊ��ɾ��
[WARNING] /C:/Users/12856/Desktop/����ʵ��/library-system-v2/backend/src/test/java/com/library/system/controller/VolunteerControllerTest.java:[42,6] org.springframework.boot.test.mock.mockito �е� org.springframework.boot.test.mock.mockito.MockBean �ѹ�ʱ, �ұ��Ϊ��ɾ��
[WARNING] /C:/Users/12856/Desktop/����ʵ��/library-system-v2/backend/src/test/java/com/library/system/controller/VolunteerControllerTest.java:[42,6] org.springframework.boot.test.mock.mockito �е� org.springframework.boot.test.mock.mockito.MockBean �ѹ�ʱ, �ұ��Ϊ��ɾ��
[WARNING] /C:/Users/12856/Desktop/����ʵ��/library-system-v2/backend/src/test/java/com/library/system/controller/VolunteerControllerTest.java:[42,6] org.springframework.boot.test.mock.mockito �е� org.springframework.boot.test.mock.mockito.MockBean �ѹ�ʱ, �ұ��Ϊ��ɾ��
[WARNING] /C:/Users/12856/Desktop/����ʵ��/library-system-v2/backend/src/test/java/com/library/system/controller/VolunteerControllerTest.java:[42,6] org.springframework.boot.test.mock.mockito �е� org.springframework.boot.test.mock.mockito.MockBean �ѹ�ʱ, �ұ��Ϊ��ɾ��
[WARNING] /C:/Users/12856/Desktop/����ʵ��/library-system-v2/backend/src/test/java/com/library/system/controller/VolunteerControllerTest.java:[42,6] org.springframework.boot.test.mock.mockito �е� org.springframework.boot.test.mock.mockito.MockBean �ѹ�ʱ, �ұ��Ϊ��ɾ��
[WARNING] /C:/Users/12856/Desktop/����ʵ��/library-system-v2/backend/src/test/java/com/library/system/controller/VolunteerControllerTest.java:[45,6] org.springframework.boot.test.mock.mockito �е� org.springframework.boot.test.mock.mockito.MockBean �ѹ�ʱ, �ұ��Ϊ��ɾ��
[WARNING] /C:/Users/12856/Desktop/����ʵ��/library-system-v2/backend/src/test/java/com/library/system/controller/VolunteerControllerTest.java:[45,6] org.springframework.boot.test.mock.mockito �е� org.springframework.boot.test.mock.mockito.MockBean �ѹ�ʱ, �ұ��Ϊ��ɾ��
[WARNING] /C:/Users/12856/Desktop/����ʵ��/library-system-v2/backend/src/test/java/com/library/system/controller/VolunteerControllerTest.java:[45,6] org.springframework.boot.test.mock.mockito �е� org.springframework.boot.test.mock.mockito.MockBean �ѹ�ʱ, �ұ��Ϊ��ɾ��
[WARNING] /C:/Users/12856/Desktop/����ʵ��/library-system-v2/backend/src/test/java/com/library/system/controller/VolunteerControllerTest.java:[45,6] org.springframework.boot.test.mock.mockito �е� org.springframework.boot.test.mock.mockito.MockBean �ѹ�ʱ, �ұ��Ϊ��ɾ��
[WARNING] /C:/Users/12856/Desktop/����ʵ��/library-system-v2/backend/src/test/java/com/library/system/controller/VolunteerControllerTest.java:[45,6] org.springframework.boot.test.mock.mockito �е� org.springframework.boot.test.mock.mockito.MockBean �ѹ�ʱ, �ұ��Ϊ��ɾ��
[INFO] 70 warnings 
[INFO] -------------------------------------------------------------
[INFO] -------------------------------------------------------------
[ERROR] COMPILATION ERROR : 
[INFO] -------------------------------------------------------------
[ERROR] /C:/Users/12856/Desktop/����ʵ��/library-system-v2/backend/src/test/java/com/library/system/controller/VolunteerControllerTest.java:[65,69] �����ݵ�����: java.time.LocalDate�޷�ת��Ϊjava.time.LocalDateTime
[ERROR] /C:/Users/12856/Desktop/����ʵ��/library-system-v2/backend/src/test/java/com/library/system/controller/VolunteerControllerTest.java:[66,67] �����ݵ�����: java.time.LocalTime�޷�ת��Ϊjava.time.LocalDateTime
[ERROR] /C:/Users/12856/Desktop/����ʵ��/library-system-v2/backend/src/test/java/com/library/system/controller/VolunteerControllerTest.java:[67,78] �����ݵ�����: java.time.LocalTime�޷�ת��Ϊjava.time.LocalDateTime
[ERROR] /C:/Users/12856/Desktop/����ʵ��/library-system-v2/backend/src/test/java/com/library/system/controller/VolunteerControllerTest.java:[80,61] �����ݵ�����: java.time.LocalDate�޷�ת��Ϊjava.time.LocalDateTime
[ERROR] /C:/Users/12856/Desktop/����ʵ��/library-system-v2/backend/src/test/java/com/library/system/service/AuthServiceTest.java:[231,42] <����com.library.system.service.AuthServiceTest$1>���ǳ����, ����δ����io.jsonwebtoken.Claims�еĳ��󷽷�<T>get(java.lang.String,java.lang.Class<T>)
[ERROR] /C:/Users/12856/Desktop/����ʵ��/library-system-v2/backend/src/test/java/com/library/system/service/BorrowServiceTest.java:[79,17] �Ҳ�������
  ����:   ���� setCurrentBorrowCount(int)
  λ��: ����Ϊcom.library.system.entity.User�ı��� testUser
[ERROR] /C:/Users/12856/Desktop/����ʵ��/library-system-v2/backend/src/test/java/com/library/system/service/BorrowServiceTest.java:[176,17] �Ҳ�������
  ����:   ���� setCurrentBorrowCount(int)
  λ��: ����Ϊcom.library.system.entity.User�ı��� testUser
[INFO] 7 errors 
[INFO] -------------------------------------------------------------
[INFO] ------------------------------------------------------------------------
[INFO] BUILD FAILURE
[INFO] ------------------------------------------------------------------------
[INFO] Total time:  8.060 s
[INFO] Finished at: 2026-04-23T21:22:27+08:00
[INFO] ------------------------------------------------------------------------
[ERROR] Failed to execute goal org.apache.maven.plugins:maven-compiler-plugin:3.14.1:testCompile (default-testCompile) on project library-system: Compilation failure: Compilation failure: 
[ERROR] /C:/Users/12856/Desktop/����ʵ��/library-system-v2/backend/src/test/java/com/library/system/controller/VolunteerControllerTest.java:[65,69] �����ݵ�����: java.time.LocalDate�޷�ת��Ϊjava.time.LocalDateTime
[ERROR] /C:/Users/12856/Desktop/����ʵ��/library-system-v2/backend/src/test/java/com/library/system/controller/VolunteerControllerTest.java:[66,67] �����ݵ�����: java.time.LocalTime�޷�ת��Ϊjava.time.LocalDateTime
[ERROR] /C:/Users/12856/Desktop/����ʵ��/library-system-v2/backend/src/test/java/com/library/system/controller/VolunteerControllerTest.java:[67,78] �����ݵ�����: java.time.LocalTime�޷�ת��Ϊjava.time.LocalDateTime
[ERROR] /C:/Users/12856/Desktop/����ʵ��/library-system-v2/backend/src/test/java/com/library/system/controller/VolunteerControllerTest.java:[80,61] �����ݵ�����: java.time.LocalDate�޷�ת��Ϊjava.time.LocalDateTime
[ERROR] /C:/Users/12856/Desktop/����ʵ��/library-system-v2/backend/src/test/java/com/library/system/service/AuthServiceTest.java:[231,42] <����com.library.system.service.AuthServiceTest$1>���ǳ����, ����δ����io.jsonwebtoken.Claims�еĳ��󷽷�<T>get(java.lang.String,java.lang.Class<T>)
[ERROR] /C:/Users/12856/Desktop/����ʵ��/library-system-v2/backend/src/test/java/com/library/system/service/BorrowServiceTest.java:[79,17] �Ҳ�������
[ERROR]   ����:   ���� setCurrentBorrowCount(int)
[ERROR]   λ��: ����Ϊcom.library.system.entity.User�ı��� testUser
[ERROR] /C:/Users/12856/Desktop/����ʵ��/library-system-v2/backend/src/test/java/com/library/system/service/BorrowServiceTest.java:[176,17] �Ҳ�������
[ERROR]   ����:   ���� setCurrentBorrowCount(int)
[ERROR]   λ��: ����Ϊcom.library.system.entity.User�ı��� testUser
[ERROR] -> [Help 1]
[ERROR] 
[ERROR] To see the full stack trace of the errors, re-run Maven with the -e switch.
[ERROR] Re-run Maven using the -X switch to enable full debug logging.
[ERROR] 
[ERROR] For more information about the errors and possible solutions, please read the following articles:
[ERROR] [Help 1] http://cwiki.apache.org/confluence/display/MAVEN/MojoFailureException
